2026-08-29T08:27:35.577533+0000 | MainThread INFO | __main__:setup_logger:65 | Logger set up with level INFO, log will be saved to logs/20260829082735_._PromeFuzz.py_-F_database_liblhasa_latest_lib.toml_preprocess.log
2026-08-29T08:27:35.581979+0000 | MainThread INFO | src.preprocessor.ast:run:104 | Running AST Preprocessor for all 27 source files.
2026-08-29T08:27:35.628934+0000 | ThreadPoolExecutor-2_0 WARNING | src.preprocessor.ast:run_once:250 | AST preprocessor warning/error for /promefuzz/database/liblhasa/latest/code/src/filter.c: 
Warning: Record _LHADecoderType has no definition
Warning: Record _LHADecoder has no definition
Warning: Record _LHAInputStream has no definition
Warning: Record _LHAReader has no definition

2026-08-29T08:27:35.630072+0000 | ThreadPoolExecutor-2_18 WARNING | src.preprocessor.ast:run_once:250 | AST preprocessor warning/error for /promefuzz/database/liblhasa/latest/code/src/main.c: 
Warning: Record _LHADecoderType has no definition
Warning: Record _LHADecoder has no definition
Warning: Record _LHAInputStream has no definition
Warning: Record _LHAReader has no definition

2026-08-29T08:27:35.641600+0000 | ThreadPoolExecutor-2_15 WARNING | src.preprocessor.ast:run_once:250 | AST preprocessor warning/error for /promefuzz/database/liblhasa/latest/code/src/list.c: 
Warning: Record _LHADecoderType has no definition
Warning: Record _LHADecoder has no definition
Warning: Record _LHAInputStream has no definition
Warning: Record _LHAReader has no definition

2026-08-29T08:27:35.642025+0000 | ThreadPoolExecutor-2_6 WARNING | src.preprocessor.ast:run_once:250 | AST preprocessor warning/error for /promefuzz/database/liblhasa/latest/code/lib/macbinary.c: 
Warning: Record _LHAInputStream has no definition
Warning: Record _LHAInputStream has no definition

2026-08-29T08:27:35.642323+0000 | ThreadPoolExecutor-2_1 WARNING | src.preprocessor.ast:run_once:250 | AST preprocessor warning/error for /promefuzz/database/liblhasa/latest/code/lib/lha_basic_reader.c: 
Warning: Record _LHAInputStream has no definition
Warning: Record _LHAInputStream has no definition

2026-08-29T08:27:35.644826+0000 | ThreadPoolExecutor-2_9 WARNING | src.preprocessor.ast:run_once:250 | AST preprocessor warning/error for /promefuzz/database/liblhasa/latest/code/lib/ext_header.c: 
Warning: Record _LHAInputStream has no definition
Warning: Record _LHAInputStream has no definition

2026-08-29T08:27:35.663938+0000 | ThreadPoolExecutor-2_12 WARNING | src.preprocessor.ast:run_once:250 | AST preprocessor warning/error for /promefuzz/database/liblhasa/latest/code/lib/lha_reader.c: 
Warning: Record _LHAInputStream has no definition
Warning: Record _LHABasicReader has no definition
Warning: Record _LHAInputStream has no definition
Warning: Record _LHABasicReader has no definition

2026-08-29T08:27:35.666085+0000 | ThreadPoolExecutor-2_13 WARNING | src.preprocessor.ast:run_once:250 | AST preprocessor warning/error for /promefuzz/database/liblhasa/latest/code/src/extract.c: 
Warning: Record _LHADecoderType has no definition
Warning: Record _LHADecoder has no definition
Warning: Record _LHAInputStream has no definition
Warning: Record _LHAReader has no definition

2026-08-29T08:27:35.674095+0000 | ThreadPoolExecutor-2_2 WARNING | src.preprocessor.ast:run_once:250 | AST preprocessor warning/error for /promefuzz/database/liblhasa/latest/code/lib/lha_file_header.c: 
Warning: Record _LHAInputStream has no definition
Warning: Record _LHAInputStream has no definition

2026-08-29T08:27:35.689739+0000 | MainThread SUCCESS | src.preprocessor.ast:run:137 | Preprocessed 27 source files.
2026-08-29T08:27:35.697714+0000 | MainThread INFO | cli.preprocess:preprocess:108 | Extracting the API functions.
2026-08-29T08:27:35.698172+0000 | MainThread WARNING | src.preprocessor.api:_get_header_files:360 | Invalid header path database/liblhasa/latest/code/lib/public/Makefile
2026-08-29T08:27:35.721731+0000 | MainThread INFO | src.preprocessor.api:_filter_functions:488 | Filtered out 0 functions
2026-08-29T08:27:35.722250+0000 | MainThread SUCCESS | cli.preprocess:preprocess:113 | 19 API functions extracted, dumped to /promefuzz/database/liblhasa/latest/out/preprocessor/api.pkl
2026-08-29T08:27:35.722537+0000 | MainThread SUCCESS | cli.preprocess:preprocess:123 | Source files dumped to /promefuzz/database/liblhasa/latest/out/preprocessor/sources.json
2026-08-29T08:27:35.722697+0000 | MainThread INFO | cli.preprocess:preprocess:126 | Extracting the library call graph.
2026-08-29T08:27:35.754831+0000 | ThreadPoolExecutor-3_7 WARNING | src.preprocessor.incidental:_process_one_source:300 | No caller-callee pairs found for source /promefuzz/database/liblhasa/latest/code/lib/lha_arch_win32.c.
2026-08-29T08:27:35.763882+0000 | ThreadPoolExecutor-3_17 WARNING | src.preprocessor.incidental:_process_one_source:300 | No caller-callee pairs found for source /promefuzz/database/liblhasa/latest/code/lib/lha_endian.c.
2026-08-29T08:27:35.767309+0000 | ThreadPoolExecutor-3_13 WARNING | src.preprocessor.incidental:_process_one_source:300 | No caller-callee pairs found for source /promefuzz/database/liblhasa/latest/code/lib/null_decoder.c.
2026-08-29T08:27:35.780176+0000 | ThreadPoolExecutor-3_19 WARNING | src.preprocessor.incidental:_process_one_source:300 | No caller-callee pairs found for source /promefuzz/database/liblhasa/latest/code/lib/lha_arch_unix.c.
2026-08-29T08:27:35.782973+0000 | ThreadPoolExecutor-3_8 WARNING | src.preprocessor.incidental:_process_one_source:300 | No caller-callee pairs found for source /promefuzz/database/liblhasa/latest/code/lib/lhx_decoder.c.
2026-08-29T08:27:35.784586+0000 | ThreadPoolExecutor-3_14 WARNING | src.preprocessor.incidental:_process_one_source:300 | No caller-callee pairs found for source /promefuzz/database/liblhasa/latest/code/lib/lh6_decoder.c.
2026-08-29T08:27:35.800036+0000 | ThreadPoolExecutor-3_11 WARNING | src.preprocessor.incidental:_process_one_source:300 | No caller-callee pairs found for source /promefuzz/database/liblhasa/latest/code/lib/lh7_decoder.c.
2026-08-29T08:27:35.804736+0000 | ThreadPoolExecutor-3_13 WARNING | src.preprocessor.incidental:_process_one_source:300 | No caller-callee pairs found for source /promefuzz/database/liblhasa/latest/code/lib/crc16.c.
2026-08-29T08:27:35.805597+0000 | ThreadPoolExecutor-3_0 WARNING | src.preprocessor.incidental:_process_one_source:300 | No caller-callee pairs found for source /promefuzz/database/liblhasa/latest/code/lib/lh5_decoder.c.
2026-08-29T08:27:35.818295+0000 | ThreadPoolExecutor-3_3 WARNING | src.preprocessor.incidental:_process_one_source:300 | No caller-callee pairs found for source /promefuzz/database/liblhasa/latest/code/lib/lk7_decoder.c.
2026-08-29T08:27:35.820533+0000 | MainThread SUCCESS | cli.preprocess:preprocess:141 | API incidental relationships extracted, dump to /promefuzz/database/liblhasa/latest/out/preprocessor/incidentals.pkl
2026-08-29T08:27:35.820735+0000 | MainThread INFO | cli.preprocess:preprocess:147 | Extracting the consumer call graph.
2026-08-29T08:27:35.820992+0000 | MainThread WARNING | src.preprocessor.consumer:from_library_config:624 | Invalid consumer path database/liblhasa/latest/code/tests
2026-08-29T08:27:35.821421+0000 | MainThread SUCCESS | cli.preprocess:preprocess:161 | Consumer call order extracted, dumped to /promefuzz/database/liblhasa/latest/out/preprocessor/call_order.pkl
2026-08-29T08:27:35.821584+0000 | MainThread INFO | cli.preprocess:preprocess:168 | Initializing the information repository.
2026-08-29T08:27:35.831865+0000 | MainThread WARNING | src.preprocessor.information:from_name:555 | Composite name LHAInputStreamType is not found in the meta data.
2026-08-29T08:27:35.833515+0000 | MainThread WARNING | src.preprocessor.information:from_name:555 | Composite name LHAInputStreamState is not found in the meta data.
2026-08-29T08:27:35.840778+0000 | MainThread WARNING | src.preprocessor.information:from_name:555 | Composite name CurrFileType is not found in the meta data.
2026-08-29T08:27:35.845514+0000 | MainThread WARNING | src.preprocessor.information:from_name:555 | Composite name LHAReaderDirPolicy is not found in the meta data.
2026-08-29T08:27:35.852581+0000 | MainThread WARNING | src.preprocessor.information:from_name:555 | Composite name struct _IO_FILE is not found in the meta data.
2026-08-29T08:27:35.862736+0000 | MainThread SUCCESS | cli.preprocess:preprocess:172 | Information repository generated, dumped to /promefuzz/database/liblhasa/latest/out/preprocessor/info.pkl
2026-08-29T08:27:35.862922+0000 | MainThread INFO | cli.preprocess:preprocess:177 | Calculating the complexity of the API functions.
2026-08-29T08:27:35.863406+0000 | MainThread SUCCESS | cli.preprocess:preprocess:183 | API complexity calculated, dumped to /promefuzz/database/liblhasa/latest/out/preprocessor/complexity.pkl
2026-08-29T08:27:35.863570+0000 | MainThread INFO | cli.preprocess:preprocess:188 | Calculating the relevance of the API functions.
2026-08-29T08:27:35.864864+0000 | MainThread SUCCESS | cli.preprocess:preprocess:203 | API relevance calculated, dumped to /promefuzz/database/liblhasa/latest/out/preprocessor/*_relev.pkl
