2026-08-14T19:14:45.331227+0000 | MainThread INFO | __main__:setup_logger:65 | Logger set up with level INFO, log will be saved to logs/20260814191445_._PromeFuzz.py_-F_database_cjson_latest_lib.toml_preprocess.log
2026-08-14T19:14:45.334603+0000 | MainThread INFO | src.preprocessor.ast:run:104 | Running AST Preprocessor for all 23 source files.
2026-08-14T19:14:45.493384+0000 | MainThread SUCCESS | src.preprocessor.ast:run:137 | Preprocessed 23 source files.
2026-08-14T19:14:45.501210+0000 | MainThread INFO | cli.preprocess:preprocess:108 | Extracting the API functions.
2026-08-14T19:14:45.536102+0000 | MainThread INFO | src.preprocessor.api:_filter_functions:488 | Filtered out 0 functions
2026-08-14T19:14:45.537037+0000 | MainThread SUCCESS | cli.preprocess:preprocess:113 | 78 API functions extracted, dumped to /promefuzz/database/cjson/latest/out/preprocessor/api.pkl
2026-08-14T19:14:45.537343+0000 | MainThread SUCCESS | cli.preprocess:preprocess:123 | Source files dumped to /promefuzz/database/cjson/latest/out/preprocessor/sources.json
2026-08-14T19:14:45.537509+0000 | MainThread INFO | cli.preprocess:preprocess:126 | Extracting the library call graph.
2026-08-14T19:14:45.649443+0000 | MainThread SUCCESS | cli.preprocess:preprocess:141 | API incidental relationships extracted, dump to /promefuzz/database/cjson/latest/out/preprocessor/incidentals.pkl
2026-08-14T19:14:45.649705+0000 | MainThread INFO | cli.preprocess:preprocess:147 | Extracting the consumer call graph.
2026-08-14T19:14:45.677025+0000 | ThreadPoolExecutor-4_10 WARNING | src.preprocessor.consumer:_process_one_consumer:820 | No caller-callee pairs found for consumer /promefuzz/database/cjson/latest/code/tests/unity_setup.c.
2026-08-14T19:14:45.844389+0000 | ThreadPoolExecutor-4_11 WARNING | src.preprocessor.consumer:_process_one_consumer:773 | CGprocessor warning/error for consumer /promefuzz/database/cjson/latest/code/tests/unity/extras/fixture/test/unity_fixture_TestRunner.c:
/promefuzz/database/cjson/latest/code/tests/unity/extras/fixture/test/unity_fixture_TestRunner.c:8:10: fatal error: 'unity_fixture.h' file not found
    8 | #include "unity_fixture.h"
      |          ^~~~~~~~~~~~~~~~~

2026-08-14T19:14:45.847572+0000 | ThreadPoolExecutor-4_11 WARNING | src.preprocessor.consumer:_process_one_consumer:820 | No caller-callee pairs found for consumer /promefuzz/database/cjson/latest/code/tests/unity/extras/fixture/test/unity_fixture_TestRunner.c.
2026-08-14T19:14:45.866616+0000 | ThreadPoolExecutor-4_2 WARNING | src.preprocessor.consumer:_process_one_consumer:773 | CGprocessor warning/error for consumer /promefuzz/database/cjson/latest/code/tests/unity/extras/fixture/test/unity_fixture_Test.c:
/promefuzz/database/cjson/latest/code/tests/unity/extras/fixture/test/unity_fixture_Test.c:8:10: fatal error: 'unity_fixture.h' file not found
    8 | #include "unity_fixture.h"
      |          ^~~~~~~~~~~~~~~~~

2026-08-14T19:14:45.874127+0000 | ThreadPoolExecutor-4_1 WARNING | src.preprocessor.consumer:_process_one_consumer:773 | CGprocessor warning/error for consumer /promefuzz/database/cjson/latest/code/tests/unity/extras/fixture/test/unity_output_Spy.c:
/promefuzz/database/cjson/latest/code/tests/unity/extras/fixture/test/unity_output_Spy.c:10:10: fatal error: 'unity_fixture.h' file not found
   10 | #include "unity_fixture.h"
      |          ^~~~~~~~~~~~~~~~~

2026-08-14T19:14:45.886441+0000 | ThreadPoolExecutor-4_16 WARNING | src.preprocessor.consumer:_process_one_consumer:773 | CGprocessor warning/error for consumer /promefuzz/database/cjson/latest/code/tests/unity/extras/fixture/test/template_fixture_tests.c:
/promefuzz/database/cjson/latest/code/tests/unity/extras/fixture/test/template_fixture_tests.c:8:10: fatal error: 'unity_fixture.h' file not found
    8 | #include "unity_fixture.h"
      |          ^~~~~~~~~~~~~~~~~

2026-08-14T19:14:45.889886+0000 | ThreadPoolExecutor-4_12 WARNING | src.preprocessor.consumer:_process_one_consumer:773 | CGprocessor warning/error for consumer /promefuzz/database/cjson/latest/code/tests/unity/extras/fixture/test/main/AllTests.c:
/promefuzz/database/cjson/latest/code/tests/unity/extras/fixture/test/main/AllTests.c:8:10: fatal error: 'unity_fixture.h' file not found
    8 | #include "unity_fixture.h"
      |          ^~~~~~~~~~~~~~~~~

2026-08-14T19:14:45.895172+0000 | ThreadPoolExecutor-4_5 WARNING | src.preprocessor.consumer:_process_one_consumer:773 | CGprocessor warning/error for consumer /promefuzz/database/cjson/latest/code/tests/unity/examples/example_2/test/TestProductionCode2.c:
/promefuzz/database/cjson/latest/code/tests/unity/examples/example_2/test/TestProductionCode2.c:1:10: fatal error: 'ProductionCode2.h' file not found
    1 | #include "ProductionCode2.h"
      |          ^~~~~~~~~~~~~~~~~~~

2026-08-14T19:14:45.897929+0000 | ThreadPoolExecutor-4_11 WARNING | src.preprocessor.consumer:_process_one_consumer:773 | CGprocessor warning/error for consumer /promefuzz/database/cjson/latest/code/tests/unity/extras/fixture/src/unity_fixture.c:
In file included from /promefuzz/database/cjson/latest/code/tests/unity/extras/fixture/src/unity_fixture.c:8:
/promefuzz/database/cjson/latest/code/tests/unity/extras/fixture/src/unity_fixture.h:11:10: fatal error: 'unity.h' file not found
   11 | #include "unity.h"
      |          ^~~~~~~~~

2026-08-14T19:14:45.906304+0000 | ThreadPoolExecutor-4_3 WARNING | src.preprocessor.consumer:_process_one_consumer:773 | CGprocessor warning/error for consumer /promefuzz/database/cjson/latest/code/tests/unity/examples/example_2/test/TestProductionCode.c:
/promefuzz/database/cjson/latest/code/tests/unity/examples/example_2/test/TestProductionCode.c:1:10: fatal error: 'ProductionCode.h' file not found
    1 | #include "ProductionCode.h"
      |          ^~~~~~~~~~~~~~~~~~

2026-08-14T19:14:45.915431+0000 | ThreadPoolExecutor-4_10 WARNING | src.preprocessor.consumer:_process_one_consumer:820 | No caller-callee pairs found for consumer /promefuzz/database/cjson/latest/code/tests/unity/examples/example_2/src/ProductionCode.c.
2026-08-14T19:14:45.916722+0000 | ThreadPoolExecutor-4_1 WARNING | src.preprocessor.consumer:_process_one_consumer:820 | No caller-callee pairs found for consumer /promefuzz/database/cjson/latest/code/tests/unity/examples/example_2/src/ProductionCode2.c.
2026-08-14T19:14:45.918610+0000 | ThreadPoolExecutor-4_13 WARNING | src.preprocessor.consumer:_process_one_consumer:773 | CGprocessor warning/error for consumer /promefuzz/database/cjson/latest/code/tests/unity/examples/example_2/test/test_runners/TestProductionCode2_Runner.c:
/promefuzz/database/cjson/latest/code/tests/unity/examples/example_2/test/test_runners/TestProductionCode2_Runner.c:1:10: fatal error: 'unity.h' file not found
    1 | #include "unity.h"
      |          ^~~~~~~~~

2026-08-14T19:14:45.919149+0000 | ThreadPoolExecutor-4_7 WARNING | src.preprocessor.consumer:_process_one_consumer:773 | CGprocessor warning/error for consumer /promefuzz/database/cjson/latest/code/tests/unity/examples/example_2/test/test_runners/all_tests.c:
/promefuzz/database/cjson/latest/code/tests/unity/examples/example_2/test/test_runners/all_tests.c:1:10: fatal error: 'unity_fixture.h' file not found
    1 | #include "unity_fixture.h"
      |          ^~~~~~~~~~~~~~~~~

2026-08-14T19:14:45.921374+0000 | ThreadPoolExecutor-4_15 WARNING | src.preprocessor.consumer:_process_one_consumer:773 | CGprocessor warning/error for consumer /promefuzz/database/cjson/latest/code/tests/unity/examples/example_2/test/test_runners/TestProductionCode_Runner.c:
/promefuzz/database/cjson/latest/code/tests/unity/examples/example_2/test/test_runners/TestProductionCode_Runner.c:1:10: fatal error: 'unity.h' file not found
    1 | #include "unity.h"
      |          ^~~~~~~~~

2026-08-14T19:14:45.924597+0000 | ThreadPoolExecutor-4_12 WARNING | src.preprocessor.consumer:_process_one_consumer:773 | CGprocessor warning/error for consumer /promefuzz/database/cjson/latest/code/tests/unity/examples/example_3/test/TestProductionCode2.c:
/promefuzz/database/cjson/latest/code/tests/unity/examples/example_3/test/TestProductionCode2.c:2:10: fatal error: 'ProductionCode2.h' file not found
    2 | #include "ProductionCode2.h"
      |          ^~~~~~~~~~~~~~~~~~~

2026-08-14T19:14:45.924879+0000 | ThreadPoolExecutor-4_17 WARNING | src.preprocessor.consumer:_process_one_consumer:773 | CGprocessor warning/error for consumer /promefuzz/database/cjson/latest/code/tests/unity/examples/example_3/test/TestProductionCode.c:
/promefuzz/database/cjson/latest/code/tests/unity/examples/example_3/test/TestProductionCode.c:2:10: fatal error: 'ProductionCode.h' file not found
    2 | #include "ProductionCode.h"
      |          ^~~~~~~~~~~~~~~~~~

2026-08-14T19:14:45.926350+0000 | ThreadPoolExecutor-4_16 WARNING | src.preprocessor.consumer:_process_one_consumer:773 | CGprocessor warning/error for consumer /promefuzz/database/cjson/latest/code/tests/unity/examples/example_3/helper/UnityHelper.c:
/promefuzz/database/cjson/latest/code/tests/unity/examples/example_3/helper/UnityHelper.c:1:10: fatal error: 'unity.h' file not found
    1 | #include "unity.h"
      |          ^~~~~~~~~

2026-08-14T19:14:45.927520+0000 | ThreadPoolExecutor-4_13 WARNING | src.preprocessor.consumer:_process_one_consumer:820 | No caller-callee pairs found for consumer /promefuzz/database/cjson/latest/code/tests/unity/examples/example_2/test/test_runners/TestProductionCode2_Runner.c.
2026-08-14T19:14:45.929785+0000 | ThreadPoolExecutor-4_14 WARNING | src.preprocessor.consumer:_process_one_consumer:820 | No caller-callee pairs found for consumer /promefuzz/database/cjson/latest/code/tests/unity/examples/example_3/src/ProductionCode2.c.
2026-08-14T19:14:45.933609+0000 | ThreadPoolExecutor-4_19 WARNING | src.preprocessor.consumer:_process_one_consumer:820 | No caller-callee pairs found for consumer /promefuzz/database/cjson/latest/code/tests/unity/examples/example_3/src/ProductionCode.c.
2026-08-14T19:14:45.934625+0000 | ThreadPoolExecutor-4_15 WARNING | src.preprocessor.consumer:_process_one_consumer:820 | No caller-callee pairs found for consumer /promefuzz/database/cjson/latest/code/tests/unity/examples/example_2/test/test_runners/TestProductionCode_Runner.c.
2026-08-14T19:14:45.944298+0000 | ThreadPoolExecutor-4_10 WARNING | src.preprocessor.consumer:_process_one_consumer:773 | CGprocessor warning/error for consumer /promefuzz/database/cjson/latest/code/tests/unity/examples/example_1/test/TestProductionCode2.c:
/promefuzz/database/cjson/latest/code/tests/unity/examples/example_1/test/TestProductionCode2.c:2:10: fatal error: 'ProductionCode2.h' file not found
    2 | #include "ProductionCode2.h"
      |          ^~~~~~~~~~~~~~~~~~~

2026-08-14T19:14:45.947347+0000 | ThreadPoolExecutor-4_5 WARNING | src.preprocessor.consumer:_process_one_consumer:820 | No caller-callee pairs found for consumer /promefuzz/database/cjson/latest/code/tests/unity/examples/example_1/src/ProductionCode.c.
2026-08-14T19:14:45.947609+0000 | ThreadPoolExecutor-4_8 WARNING | src.preprocessor.consumer:_process_one_consumer:820 | No caller-callee pairs found for consumer /promefuzz/database/cjson/latest/code/tests/unity/examples/example_1/src/ProductionCode2.c.
2026-08-14T19:14:45.948599+0000 | ThreadPoolExecutor-4_1 WARNING | src.preprocessor.consumer:_process_one_consumer:773 | CGprocessor warning/error for consumer /promefuzz/database/cjson/latest/code/tests/unity/examples/example_1/test/TestProductionCode.c:
/promefuzz/database/cjson/latest/code/tests/unity/examples/example_1/test/TestProductionCode.c:2:10: fatal error: 'ProductionCode.h' file not found
    2 | #include "ProductionCode.h"
      |          ^~~~~~~~~~~~~~~~~~

2026-08-14T19:14:45.956600+0000 | ThreadPoolExecutor-4_0 WARNING | src.preprocessor.consumer:_process_one_consumer:773 | CGprocessor warning/error for consumer /promefuzz/database/cjson/latest/code/tests/unity/examples/example_1/test/test_runners/TestProductionCode2_Runner.c:
/promefuzz/database/cjson/latest/code/tests/unity/examples/example_1/test/test_runners/TestProductionCode2_Runner.c:22:10: fatal error: 'unity.h' file not found
   22 | #include "unity.h"
      |          ^~~~~~~~~

2026-08-14T19:14:45.963589+0000 | ThreadPoolExecutor-4_7 WARNING | src.preprocessor.consumer:_process_one_consumer:773 | CGprocessor warning/error for consumer /promefuzz/database/cjson/latest/code/tests/unity/examples/example_1/test/test_runners/TestProductionCode_Runner.c:
/promefuzz/database/cjson/latest/code/tests/unity/examples/example_1/test/test_runners/TestProductionCode_Runner.c:22:10: fatal error: 'unity.h' file not found
   22 | #include "unity.h"
      |          ^~~~~~~~~

2026-08-14T19:14:45.976123+0000 | ThreadPoolExecutor-4_14 WARNING | src.preprocessor.consumer:_process_one_consumer:773 | CGprocessor warning/error for consumer /promefuzz/database/cjson/latest/code/tests/unity/test/testdata/testRunnerGenerator.c:
/promefuzz/database/cjson/latest/code/tests/unity/test/testdata/testRunnerGenerator.c:4:10: fatal error: 'unity.h' file not found
    4 | #include "unity.h"
      |          ^~~~~~~~~

2026-08-14T19:14:45.977725+0000 | ThreadPoolExecutor-4_13 WARNING | src.preprocessor.consumer:_process_one_consumer:773 | CGprocessor warning/error for consumer /promefuzz/database/cjson/latest/code/tests/unity/test/tests/testparameterized.c:
/promefuzz/database/cjson/latest/code/tests/unity/test/tests/testparameterized.c:9:10: fatal error: 'unity.h' file not found
    9 | #include "unity.h"
      |          ^~~~~~~~~

2026-08-14T19:14:45.980262+0000 | ThreadPoolExecutor-4_19 WARNING | src.preprocessor.consumer:_process_one_consumer:773 | CGprocessor warning/error for consumer /promefuzz/database/cjson/latest/code/tests/unity/test/testdata/testRunnerGeneratorSmall.c:
/promefuzz/database/cjson/latest/code/tests/unity/test/testdata/testRunnerGeneratorSmall.c:4:10: fatal error: 'unity.h' file not found
    4 | #include "unity.h"
      |          ^~~~~~~~~

2026-08-14T19:14:45.985794+0000 | ThreadPoolExecutor-4_5 WARNING | src.preprocessor.consumer:_process_one_consumer:773 | CGprocessor warning/error for consumer /promefuzz/database/cjson/latest/code/tests/unity/test/expectdata/testsample_cmd.c:
/promefuzz/database/cjson/latest/code/tests/unity/test/expectdata/testsample_cmd.c:25:10: fatal error: 'unity.h' file not found
   25 | #include "unity.h"
      |          ^~~~~~~~~

2026-08-14T19:14:45.986695+0000 | ThreadPoolExecutor-4_9 WARNING | src.preprocessor.consumer:_process_one_consumer:773 | CGprocessor warning/error for consumer /promefuzz/database/cjson/latest/code/tests/unity/test/expectdata/testsample_mock_new2.c:
/promefuzz/database/cjson/latest/code/tests/unity/test/expectdata/testsample_mock_new2.c:26:10: fatal error: 'unity.h' file not found
   26 | #include "unity.h"
      |          ^~~~~~~~~

2026-08-14T19:14:45.987155+0000 | ThreadPoolExecutor-4_16 WARNING | src.preprocessor.consumer:_process_one_consumer:773 | CGprocessor warning/error for consumer /promefuzz/database/cjson/latest/code/tests/unity/test/expectdata/testsample_run2.c:
/promefuzz/database/cjson/latest/code/tests/unity/test/expectdata/testsample_run2.c:22:10: fatal error: 'unity.h' file not found
   22 | #include "unity.h"
      |          ^~~~~~~~~

2026-08-14T19:14:45.990797+0000 | ThreadPoolExecutor-4_8 WARNING | src.preprocessor.consumer:_process_one_consumer:773 | CGprocessor warning/error for consumer /promefuzz/database/cjson/latest/code/tests/unity/test/expectdata/testsample_new1.c:
/promefuzz/database/cjson/latest/code/tests/unity/test/expectdata/testsample_new1.c:25:10: fatal error: 'unity.h' file not found
   25 | #include "unity.h"
      |          ^~~~~~~~~

2026-08-14T19:14:45.992229+0000 | ThreadPoolExecutor-4_15 WARNING | src.preprocessor.consumer:_process_one_consumer:773 | CGprocessor warning/error for consumer /promefuzz/database/cjson/latest/code/tests/unity/test/testdata/testRunnerGeneratorWithMocks.c:
/promefuzz/database/cjson/latest/code/tests/unity/test/testdata/testRunnerGeneratorWithMocks.c:4:10: fatal error: 'unity.h' file not found
    4 | #include "unity.h"
      |          ^~~~~~~~~

2026-08-14T19:14:45.994988+0000 | ThreadPoolExecutor-4_10 WARNING | src.preprocessor.consumer:_process_one_consumer:773 | CGprocessor warning/error for consumer /promefuzz/database/cjson/latest/code/tests/unity/test/expectdata/testsample_new2.c:
/promefuzz/database/cjson/latest/code/tests/unity/test/expectdata/testsample_new2.c:22:10: fatal error: 'unity.h' file not found
   22 | #include "unity.h"
      |          ^~~~~~~~~

2026-08-14T19:14:46.014961+0000 | ThreadPoolExecutor-4_0 WARNING | src.preprocessor.consumer:_process_one_consumer:773 | CGprocessor warning/error for consumer /promefuzz/database/cjson/latest/code/tests/unity/test/expectdata/testsample_head1.c:
/promefuzz/database/cjson/latest/code/tests/unity/test/expectdata/testsample_head1.c:22:10: fatal error: 'unity.h' file not found
   22 | #include "unity.h"
      |          ^~~~~~~~~

2026-08-14T19:14:46.021498+0000 | ThreadPoolExecutor-4_3 WARNING | src.preprocessor.consumer:_process_one_consumer:773 | CGprocessor warning/error for consumer /promefuzz/database/cjson/latest/code/tests/unity/test/expectdata/testsample_mock_run2.c:
/promefuzz/database/cjson/latest/code/tests/unity/test/expectdata/testsample_mock_run2.c:26:10: fatal error: 'unity.h' file not found
   26 | #include "unity.h"
      |          ^~~~~~~~~

2026-08-14T19:14:46.029782+0000 | ThreadPoolExecutor-4_12 WARNING | src.preprocessor.consumer:_process_one_consumer:773 | CGprocessor warning/error for consumer /promefuzz/database/cjson/latest/code/tests/unity/test/tests/testunity.c:
/promefuzz/database/cjson/latest/code/tests/unity/test/tests/testunity.c:7:10: fatal error: 'unity.h' file not found
    7 | #include "unity.h"
      |          ^~~~~~~~~

2026-08-14T19:14:46.030482+0000 | ThreadPoolExecutor-4_7 WARNING | src.preprocessor.consumer:_process_one_consumer:773 | CGprocessor warning/error for consumer /promefuzz/database/cjson/latest/code/tests/unity/test/expectdata/testsample_mock_yaml.c:
/promefuzz/database/cjson/latest/code/tests/unity/test/expectdata/testsample_mock_yaml.c:29:10: fatal error: 'unity.h' file not found
   29 | #include "unity.h"
      |          ^~~~~~~~~

2026-08-14T19:14:46.031850+0000 | ThreadPoolExecutor-4_19 WARNING | src.preprocessor.consumer:_process_one_consumer:773 | CGprocessor warning/error for consumer /promefuzz/database/cjson/latest/code/tests/unity/test/expectdata/testsample_mock_new1.c:
/promefuzz/database/cjson/latest/code/tests/unity/test/expectdata/testsample_mock_new1.c:29:10: fatal error: 'unity.h' file not found
   29 | #include "unity.h"
      |          ^~~~~~~~~

2026-08-14T19:14:46.038694+0000 | ThreadPoolExecutor-4_11 WARNING | src.preprocessor.consumer:_process_one_consumer:773 | CGprocessor warning/error for consumer /promefuzz/database/cjson/latest/code/tests/unity/test/expectdata/testsample_yaml.c:
/promefuzz/database/cjson/latest/code/tests/unity/test/expectdata/testsample_yaml.c:25:10: fatal error: 'unity.h' file not found
   25 | #include "unity.h"
      |          ^~~~~~~~~

2026-08-14T19:14:46.062108+0000 | ThreadPoolExecutor-4_14 WARNING | src.preprocessor.consumer:_process_one_consumer:773 | CGprocessor warning/error for consumer /promefuzz/database/cjson/latest/code/tests/unity/test/expectdata/testsample_mock_head1.c:
/promefuzz/database/cjson/latest/code/tests/unity/test/expectdata/testsample_mock_head1.c:26:10: fatal error: 'unity.h' file not found
   26 | #include "unity.h"
      |          ^~~~~~~~~

2026-08-14T19:14:46.062289+0000 | ThreadPoolExecutor-4_8 WARNING | src.preprocessor.consumer:_process_one_consumer:773 | CGprocessor warning/error for consumer /promefuzz/database/cjson/latest/code/tests/unity/test/expectdata/testsample_mock_param.c:
/promefuzz/database/cjson/latest/code/tests/unity/test/expectdata/testsample_mock_param.c:27:10: fatal error: 'unity.h' file not found
   27 | #include "unity.h"
      |          ^~~~~~~~~

2026-08-14T19:14:46.068790+0000 | ThreadPoolExecutor-4_5 WARNING | src.preprocessor.consumer:_process_one_consumer:773 | CGprocessor warning/error for consumer /promefuzz/database/cjson/latest/code/tests/unity/test/expectdata/testsample_run1.c:
/promefuzz/database/cjson/latest/code/tests/unity/test/expectdata/testsample_run1.c:25:10: fatal error: 'unity.h' file not found
   25 | #include "unity.h"
      |          ^~~~~~~~~

2026-08-14T19:14:46.070571+0000 | ThreadPoolExecutor-4_16 WARNING | src.preprocessor.consumer:_process_one_consumer:773 | CGprocessor warning/error for consumer /promefuzz/database/cjson/latest/code/tests/unity/test/expectdata/testsample_mock_def.c:
/promefuzz/database/cjson/latest/code/tests/unity/test/expectdata/testsample_mock_def.c:26:10: fatal error: 'unity.h' file not found
   26 | #include "unity.h"
      |          ^~~~~~~~~

2026-08-14T19:14:46.070739+0000 | ThreadPoolExecutor-4_10 WARNING | src.preprocessor.consumer:_process_one_consumer:773 | CGprocessor warning/error for consumer /promefuzz/database/cjson/latest/code/tests/unity/test/expectdata/testsample_mock_run1.c:
/promefuzz/database/cjson/latest/code/tests/unity/test/expectdata/testsample_mock_run1.c:29:10: fatal error: 'unity.h' file not found
   29 | #include "unity.h"
      |          ^~~~~~~~~

2026-08-14T19:14:46.070983+0000 | ThreadPoolExecutor-4_17 WARNING | src.preprocessor.consumer:_process_one_consumer:773 | CGprocessor warning/error for consumer /promefuzz/database/cjson/latest/code/tests/unity/test/expectdata/testsample_param.c:
/promefuzz/database/cjson/latest/code/tests/unity/test/expectdata/testsample_param.c:23:10: fatal error: 'unity.h' file not found
   23 | #include "unity.h"
      |          ^~~~~~~~~

2026-08-14T19:14:46.094018+0000 | ThreadPoolExecutor-4_13 WARNING | src.preprocessor.consumer:_process_one_consumer:773 | CGprocessor warning/error for consumer /promefuzz/database/cjson/latest/code/tests/unity/test/expectdata/testsample_mock_cmd.c:
/promefuzz/database/cjson/latest/code/tests/unity/test/expectdata/testsample_mock_cmd.c:29:10: fatal error: 'unity.h' file not found
   29 | #include "unity.h"
      |          ^~~~~~~~~

2026-08-14T19:14:46.095486+0000 | ThreadPoolExecutor-4_0 WARNING | src.preprocessor.consumer:_process_one_consumer:773 | CGprocessor warning/error for consumer /promefuzz/database/cjson/latest/code/tests/unity/test/expectdata/testsample_def.c:
/promefuzz/database/cjson/latest/code/tests/unity/test/expectdata/testsample_def.c:22:10: fatal error: 'unity.h' file not found
   22 | #include "unity.h"
      |          ^~~~~~~~~

2026-08-14T19:14:46.288628+0000 | MainThread SUCCESS | cli.preprocess:preprocess:161 | Consumer call order extracted, dumped to /promefuzz/database/cjson/latest/out/preprocessor/call_order.pkl
2026-08-14T19:14:46.288855+0000 | MainThread INFO | cli.preprocess:preprocess:168 | Initializing the information repository.
2026-08-14T19:14:46.368473+0000 | MainThread SUCCESS | cli.preprocess:preprocess:172 | Information repository generated, dumped to /promefuzz/database/cjson/latest/out/preprocessor/info.pkl
2026-08-14T19:14:46.368673+0000 | MainThread INFO | cli.preprocess:preprocess:177 | Calculating the complexity of the API functions.
2026-08-14T19:14:46.369489+0000 | MainThread SUCCESS | cli.preprocess:preprocess:183 | API complexity calculated, dumped to /promefuzz/database/cjson/latest/out/preprocessor/complexity.pkl
2026-08-14T19:14:46.369654+0000 | MainThread INFO | cli.preprocess:preprocess:188 | Calculating the relevance of the API functions.
2026-08-14T19:14:46.416811+0000 | MainThread SUCCESS | cli.preprocess:preprocess:203 | API relevance calculated, dumped to /promefuzz/database/cjson/latest/out/preprocessor/*_relev.pkl
