2026-08-28T09:17:34.624070+0000 | MainThread INFO | __main__:setup_logger:65 | Logger set up with level INFO, log will be saved to logs/20260828091734_._PromeFuzz.py_-F_database_cjson_latest_lib.toml_preprocess.log
2026-08-28T09:17:34.627408+0000 | MainThread INFO | src.preprocessor.ast:run:104 | Running AST Preprocessor for all 23 source files.
2026-08-28T09:17:34.789589+0000 | MainThread SUCCESS | src.preprocessor.ast:run:137 | Preprocessed 23 source files.
2026-08-28T09:17:34.798701+0000 | MainThread INFO | cli.preprocess:preprocess:108 | Extracting the API functions.
2026-08-28T09:17:34.833349+0000 | MainThread INFO | src.preprocessor.api:_filter_functions:488 | Filtered out 0 functions
2026-08-28T09:17:34.834223+0000 | MainThread SUCCESS | cli.preprocess:preprocess:113 | 78 API functions extracted, dumped to /promefuzz/database/cjson/latest/out/preprocessor/api.pkl
2026-08-28T09:17:34.834505+0000 | MainThread SUCCESS | cli.preprocess:preprocess:123 | Source files dumped to /promefuzz/database/cjson/latest/out/preprocessor/sources.json
2026-08-28T09:17:34.834649+0000 | MainThread INFO | cli.preprocess:preprocess:126 | Extracting the library call graph.
2026-08-28T09:17:34.946382+0000 | MainThread SUCCESS | cli.preprocess:preprocess:141 | API incidental relationships extracted, dump to /promefuzz/database/cjson/latest/out/preprocessor/incidentals.pkl
2026-08-28T09:17:34.946628+0000 | MainThread INFO | cli.preprocess:preprocess:147 | Extracting the consumer call graph.
2026-08-28T09:17:34.974921+0000 | ThreadPoolExecutor-4_10 WARNING | src.preprocessor.consumer:_process_one_consumer:820 | No caller-callee pairs found for consumer /promefuzz/database/cjson/latest/code/tests/unity_setup.c.
2026-08-28T09:17:35.157890+0000 | ThreadPoolExecutor-4_1 WARNING | src.preprocessor.consumer:_process_one_consumer:773 | CGprocessor warning/error for consumer /promefuzz/database/cjson/latest/code/tests/unity/extras/fixture/test/unity_fixture_TestRunner.c:
/promefuzz/database/cjson/latest/code/tests/unity/extras/fixture/test/unity_fixture_TestRunner.c:8:10: fatal error: 'unity_fixture.h' file not found
    8 | #include "unity_fixture.h"
      |          ^~~~~~~~~~~~~~~~~

2026-08-28T09:17:35.163078+0000 | ThreadPoolExecutor-4_2 WARNING | src.preprocessor.consumer:_process_one_consumer:773 | CGprocessor warning/error for consumer /promefuzz/database/cjson/latest/code/tests/unity/extras/fixture/test/unity_output_Spy.c:
/promefuzz/database/cjson/latest/code/tests/unity/extras/fixture/test/unity_output_Spy.c:10:10: fatal error: 'unity_fixture.h' file not found
   10 | #include "unity_fixture.h"
      |          ^~~~~~~~~~~~~~~~~

2026-08-28T09:17:35.163641+0000 | ThreadPoolExecutor-4_1 WARNING | src.preprocessor.consumer:_process_one_consumer:820 | No caller-callee pairs found for consumer /promefuzz/database/cjson/latest/code/tests/unity/extras/fixture/test/unity_fixture_TestRunner.c.
2026-08-28T09:17:35.165454+0000 | ThreadPoolExecutor-4_12 WARNING | src.preprocessor.consumer:_process_one_consumer:773 | CGprocessor warning/error for consumer /promefuzz/database/cjson/latest/code/tests/unity/extras/fixture/test/unity_fixture_Test.c:
/promefuzz/database/cjson/latest/code/tests/unity/extras/fixture/test/unity_fixture_Test.c:8:10: fatal error: 'unity_fixture.h' file not found
    8 | #include "unity_fixture.h"
      |          ^~~~~~~~~~~~~~~~~

2026-08-28T09:17:35.173282+0000 | ThreadPoolExecutor-4_13 WARNING | src.preprocessor.consumer:_process_one_consumer:773 | CGprocessor warning/error for consumer /promefuzz/database/cjson/latest/code/tests/unity/extras/fixture/test/template_fixture_tests.c:
/promefuzz/database/cjson/latest/code/tests/unity/extras/fixture/test/template_fixture_tests.c:8:10: fatal error: 'unity_fixture.h' file not found
    8 | #include "unity_fixture.h"
      |          ^~~~~~~~~~~~~~~~~

2026-08-28T09:17:35.175092+0000 | ThreadPoolExecutor-4_15 WARNING | src.preprocessor.consumer:_process_one_consumer:773 | CGprocessor warning/error for consumer /promefuzz/database/cjson/latest/code/tests/unity/extras/fixture/test/main/AllTests.c:
/promefuzz/database/cjson/latest/code/tests/unity/extras/fixture/test/main/AllTests.c:8:10: fatal error: 'unity_fixture.h' file not found
    8 | #include "unity_fixture.h"
      |          ^~~~~~~~~~~~~~~~~

2026-08-28T09:17:35.182680+0000 | ThreadPoolExecutor-4_14 WARNING | src.preprocessor.consumer:_process_one_consumer:773 | CGprocessor warning/error for consumer /promefuzz/database/cjson/latest/code/tests/unity/extras/fixture/src/unity_fixture.c:
In file included from /promefuzz/database/cjson/latest/code/tests/unity/extras/fixture/src/unity_fixture.c:8:
/promefuzz/database/cjson/latest/code/tests/unity/extras/fixture/src/unity_fixture.h:11:10: fatal error: 'unity.h' file not found
   11 | #include "unity.h"
      |          ^~~~~~~~~

2026-08-28T09:17:35.184673+0000 | ThreadPoolExecutor-4_17 WARNING | src.preprocessor.consumer:_process_one_consumer:773 | CGprocessor warning/error for consumer /promefuzz/database/cjson/latest/code/tests/unity/examples/example_2/test/TestProductionCode2.c:
/promefuzz/database/cjson/latest/code/tests/unity/examples/example_2/test/TestProductionCode2.c:1:10: fatal error: 'ProductionCode2.h' file not found
    1 | #include "ProductionCode2.h"
      |          ^~~~~~~~~~~~~~~~~~~

2026-08-28T09:17:35.207494+0000 | ThreadPoolExecutor-4_10 WARNING | src.preprocessor.consumer:_process_one_consumer:773 | CGprocessor warning/error for consumer /promefuzz/database/cjson/latest/code/tests/unity/examples/example_2/test/TestProductionCode.c:
/promefuzz/database/cjson/latest/code/tests/unity/examples/example_2/test/TestProductionCode.c:1:10: fatal error: 'ProductionCode.h' file not found
    1 | #include "ProductionCode.h"
      |          ^~~~~~~~~~~~~~~~~~

2026-08-28T09:17:35.214711+0000 | ThreadPoolExecutor-4_11 WARNING | src.preprocessor.consumer:_process_one_consumer:773 | CGprocessor warning/error for consumer /promefuzz/database/cjson/latest/code/tests/unity/examples/example_2/test/test_runners/TestProductionCode2_Runner.c:
/promefuzz/database/cjson/latest/code/tests/unity/examples/example_2/test/test_runners/TestProductionCode2_Runner.c:1:10: fatal error: 'unity.h' file not found
    1 | #include "unity.h"
      |          ^~~~~~~~~

2026-08-28T09:17:35.214964+0000 | ThreadPoolExecutor-4_1 WARNING | src.preprocessor.consumer:_process_one_consumer:820 | No caller-callee pairs found for consumer /promefuzz/database/cjson/latest/code/tests/unity/examples/example_2/src/ProductionCode2.c.
2026-08-28T09:17:35.218342+0000 | ThreadPoolExecutor-4_11 WARNING | src.preprocessor.consumer:_process_one_consumer:820 | No caller-callee pairs found for consumer /promefuzz/database/cjson/latest/code/tests/unity/examples/example_2/test/test_runners/TestProductionCode2_Runner.c.
2026-08-28T09:17:35.218473+0000 | ThreadPoolExecutor-4_13 WARNING | src.preprocessor.consumer:_process_one_consumer:820 | No caller-callee pairs found for consumer /promefuzz/database/cjson/latest/code/tests/unity/examples/example_2/src/ProductionCode.c.
2026-08-28T09:17:35.234294+0000 | ThreadPoolExecutor-4_19 WARNING | src.preprocessor.consumer:_process_one_consumer:773 | CGprocessor warning/error for consumer /promefuzz/database/cjson/latest/code/tests/unity/examples/example_2/test/test_runners/all_tests.c:
/promefuzz/database/cjson/latest/code/tests/unity/examples/example_2/test/test_runners/all_tests.c:1:10: fatal error: 'unity_fixture.h' file not found
    1 | #include "unity_fixture.h"
      |          ^~~~~~~~~~~~~~~~~

2026-08-28T09:17:35.236495+0000 | ThreadPoolExecutor-4_15 WARNING | src.preprocessor.consumer:_process_one_consumer:773 | CGprocessor warning/error for consumer /promefuzz/database/cjson/latest/code/tests/unity/examples/example_2/test/test_runners/TestProductionCode_Runner.c:
/promefuzz/database/cjson/latest/code/tests/unity/examples/example_2/test/test_runners/TestProductionCode_Runner.c:1:10: fatal error: 'unity.h' file not found
    1 | #include "unity.h"
      |          ^~~~~~~~~

2026-08-28T09:17:35.237326+0000 | ThreadPoolExecutor-4_1 WARNING | src.preprocessor.consumer:_process_one_consumer:773 | CGprocessor warning/error for consumer /promefuzz/database/cjson/latest/code/tests/unity/examples/example_3/test/TestProductionCode2.c:
/promefuzz/database/cjson/latest/code/tests/unity/examples/example_3/test/TestProductionCode2.c:2:10: fatal error: 'ProductionCode2.h' file not found
    2 | #include "ProductionCode2.h"
      |          ^~~~~~~~~~~~~~~~~~~

2026-08-28T09:17:35.240614+0000 | ThreadPoolExecutor-4_8 WARNING | src.preprocessor.consumer:_process_one_consumer:773 | CGprocessor warning/error for consumer /promefuzz/database/cjson/latest/code/tests/unity/examples/example_3/test/TestProductionCode.c:
/promefuzz/database/cjson/latest/code/tests/unity/examples/example_3/test/TestProductionCode.c:2:10: fatal error: 'ProductionCode.h' file not found
    2 | #include "ProductionCode.h"
      |          ^~~~~~~~~~~~~~~~~~

2026-08-28T09:17:35.241194+0000 | ThreadPoolExecutor-4_15 WARNING | src.preprocessor.consumer:_process_one_consumer:820 | No caller-callee pairs found for consumer /promefuzz/database/cjson/latest/code/tests/unity/examples/example_2/test/test_runners/TestProductionCode_Runner.c.
2026-08-28T09:17:35.243958+0000 | ThreadPoolExecutor-4_2 WARNING | src.preprocessor.consumer:_process_one_consumer:773 | CGprocessor warning/error for consumer /promefuzz/database/cjson/latest/code/tests/unity/examples/example_3/helper/UnityHelper.c:
/promefuzz/database/cjson/latest/code/tests/unity/examples/example_3/helper/UnityHelper.c:1:10: fatal error: 'unity.h' file not found
    1 | #include "unity.h"
      |          ^~~~~~~~~

2026-08-28T09:17:35.248999+0000 | ThreadPoolExecutor-4_5 WARNING | src.preprocessor.consumer:_process_one_consumer:773 | CGprocessor warning/error for consumer /promefuzz/database/cjson/latest/code/tests/unity/examples/example_1/test/TestProductionCode.c:
/promefuzz/database/cjson/latest/code/tests/unity/examples/example_1/test/TestProductionCode.c:2:10: fatal error: 'ProductionCode.h' file not found
    2 | #include "ProductionCode.h"
      |          ^~~~~~~~~~~~~~~~~~

2026-08-28T09:17:35.250449+0000 | ThreadPoolExecutor-4_11 WARNING | src.preprocessor.consumer:_process_one_consumer:820 | No caller-callee pairs found for consumer /promefuzz/database/cjson/latest/code/tests/unity/examples/example_3/src/ProductionCode2.c.
2026-08-28T09:17:35.252257+0000 | ThreadPoolExecutor-4_4 WARNING | src.preprocessor.consumer:_process_one_consumer:820 | No caller-callee pairs found for consumer /promefuzz/database/cjson/latest/code/tests/unity/examples/example_1/src/ProductionCode2.c.
2026-08-28T09:17:35.253016+0000 | ThreadPoolExecutor-4_17 WARNING | src.preprocessor.consumer:_process_one_consumer:773 | CGprocessor warning/error for consumer /promefuzz/database/cjson/latest/code/tests/unity/examples/example_1/test/TestProductionCode2.c:
/promefuzz/database/cjson/latest/code/tests/unity/examples/example_1/test/TestProductionCode2.c:2:10: fatal error: 'ProductionCode2.h' file not found
    2 | #include "ProductionCode2.h"
      |          ^~~~~~~~~~~~~~~~~~~

2026-08-28T09:17:35.253391+0000 | ThreadPoolExecutor-4_13 WARNING | src.preprocessor.consumer:_process_one_consumer:820 | No caller-callee pairs found for consumer /promefuzz/database/cjson/latest/code/tests/unity/examples/example_3/src/ProductionCode.c.
2026-08-28T09:17:35.256415+0000 | ThreadPoolExecutor-4_0 WARNING | src.preprocessor.consumer:_process_one_consumer:820 | No caller-callee pairs found for consumer /promefuzz/database/cjson/latest/code/tests/unity/examples/example_1/src/ProductionCode.c.
2026-08-28T09:17:35.273626+0000 | ThreadPoolExecutor-4_9 WARNING | src.preprocessor.consumer:_process_one_consumer:773 | CGprocessor warning/error for consumer /promefuzz/database/cjson/latest/code/tests/unity/test/tests/testparameterized.c:
/promefuzz/database/cjson/latest/code/tests/unity/test/tests/testparameterized.c:9:10: fatal error: 'unity.h' file not found
    9 | #include "unity.h"
      |          ^~~~~~~~~

2026-08-28T09:17:35.275330+0000 | ThreadPoolExecutor-4_7 WARNING | src.preprocessor.consumer:_process_one_consumer:773 | CGprocessor warning/error for consumer /promefuzz/database/cjson/latest/code/tests/unity/examples/example_1/test/test_runners/TestProductionCode2_Runner.c:
/promefuzz/database/cjson/latest/code/tests/unity/examples/example_1/test/test_runners/TestProductionCode2_Runner.c:22:10: fatal error: 'unity.h' file not found
   22 | #include "unity.h"
      |          ^~~~~~~~~

2026-08-28T09:17:35.278569+0000 | ThreadPoolExecutor-4_11 WARNING | src.preprocessor.consumer:_process_one_consumer:773 | CGprocessor warning/error for consumer /promefuzz/database/cjson/latest/code/tests/unity/test/testdata/testRunnerGeneratorSmall.c:
/promefuzz/database/cjson/latest/code/tests/unity/test/testdata/testRunnerGeneratorSmall.c:4:10: fatal error: 'unity.h' file not found
    4 | #include "unity.h"
      |          ^~~~~~~~~

2026-08-28T09:17:35.285034+0000 | ThreadPoolExecutor-4_19 WARNING | src.preprocessor.consumer:_process_one_consumer:773 | CGprocessor warning/error for consumer /promefuzz/database/cjson/latest/code/tests/unity/examples/example_1/test/test_runners/TestProductionCode_Runner.c:
/promefuzz/database/cjson/latest/code/tests/unity/examples/example_1/test/test_runners/TestProductionCode_Runner.c:22:10: fatal error: 'unity.h' file not found
   22 | #include "unity.h"
      |          ^~~~~~~~~

2026-08-28T09:17:35.285808+0000 | ThreadPoolExecutor-4_1 WARNING | src.preprocessor.consumer:_process_one_consumer:773 | CGprocessor warning/error for consumer /promefuzz/database/cjson/latest/code/tests/unity/test/testdata/testRunnerGenerator.c:
/promefuzz/database/cjson/latest/code/tests/unity/test/testdata/testRunnerGenerator.c:4:10: fatal error: 'unity.h' file not found
    4 | #include "unity.h"
      |          ^~~~~~~~~

2026-08-28T09:17:35.286002+0000 | ThreadPoolExecutor-4_3 WARNING | src.preprocessor.consumer:_process_one_consumer:773 | CGprocessor warning/error for consumer /promefuzz/database/cjson/latest/code/tests/unity/test/testdata/testRunnerGeneratorWithMocks.c:
/promefuzz/database/cjson/latest/code/tests/unity/test/testdata/testRunnerGeneratorWithMocks.c:4:10: fatal error: 'unity.h' file not found
    4 | #include "unity.h"
      |          ^~~~~~~~~

2026-08-28T09:17:35.286119+0000 | ThreadPoolExecutor-4_0 WARNING | src.preprocessor.consumer:_process_one_consumer:773 | CGprocessor warning/error for consumer /promefuzz/database/cjson/latest/code/tests/unity/test/expectdata/testsample_new1.c:
/promefuzz/database/cjson/latest/code/tests/unity/test/expectdata/testsample_new1.c:25:10: fatal error: 'unity.h' file not found
   25 | #include "unity.h"
      |          ^~~~~~~~~

2026-08-28T09:17:35.286983+0000 | ThreadPoolExecutor-4_4 WARNING | src.preprocessor.consumer:_process_one_consumer:773 | CGprocessor warning/error for consumer /promefuzz/database/cjson/latest/code/tests/unity/test/expectdata/testsample_cmd.c:
/promefuzz/database/cjson/latest/code/tests/unity/test/expectdata/testsample_cmd.c:25:10: fatal error: 'unity.h' file not found
   25 | #include "unity.h"
      |          ^~~~~~~~~

2026-08-28T09:17:35.289532+0000 | ThreadPoolExecutor-4_2 WARNING | src.preprocessor.consumer:_process_one_consumer:773 | CGprocessor warning/error for consumer /promefuzz/database/cjson/latest/code/tests/unity/test/expectdata/testsample_run2.c:
/promefuzz/database/cjson/latest/code/tests/unity/test/expectdata/testsample_run2.c:22:10: fatal error: 'unity.h' file not found
   22 | #include "unity.h"
      |          ^~~~~~~~~

2026-08-28T09:17:35.294999+0000 | ThreadPoolExecutor-4_13 WARNING | src.preprocessor.consumer:_process_one_consumer:773 | CGprocessor warning/error for consumer /promefuzz/database/cjson/latest/code/tests/unity/test/expectdata/testsample_mock_new2.c:
/promefuzz/database/cjson/latest/code/tests/unity/test/expectdata/testsample_mock_new2.c:26:10: fatal error: 'unity.h' file not found
   26 | #include "unity.h"
      |          ^~~~~~~~~

2026-08-28T09:17:35.296529+0000 | ThreadPoolExecutor-4_17 WARNING | src.preprocessor.consumer:_process_one_consumer:773 | CGprocessor warning/error for consumer /promefuzz/database/cjson/latest/code/tests/unity/test/expectdata/testsample_new2.c:
/promefuzz/database/cjson/latest/code/tests/unity/test/expectdata/testsample_new2.c:22:10: fatal error: 'unity.h' file not found
   22 | #include "unity.h"
      |          ^~~~~~~~~

2026-08-28T09:17:35.322330+0000 | ThreadPoolExecutor-4_10 WARNING | src.preprocessor.consumer:_process_one_consumer:773 | CGprocessor warning/error for consumer /promefuzz/database/cjson/latest/code/tests/unity/test/expectdata/testsample_mock_run2.c:
/promefuzz/database/cjson/latest/code/tests/unity/test/expectdata/testsample_mock_run2.c:26:10: fatal error: 'unity.h' file not found
   26 | #include "unity.h"
      |          ^~~~~~~~~

2026-08-28T09:17:35.328124+0000 | ThreadPoolExecutor-4_7 WARNING | src.preprocessor.consumer:_process_one_consumer:773 | CGprocessor warning/error for consumer /promefuzz/database/cjson/latest/code/tests/unity/test/expectdata/testsample_head1.c:
/promefuzz/database/cjson/latest/code/tests/unity/test/expectdata/testsample_head1.c:22:10: fatal error: 'unity.h' file not found
   22 | #include "unity.h"
      |          ^~~~~~~~~

2026-08-28T09:17:35.333182+0000 | ThreadPoolExecutor-4_11 WARNING | src.preprocessor.consumer:_process_one_consumer:773 | CGprocessor warning/error for consumer /promefuzz/database/cjson/latest/code/tests/unity/test/expectdata/testsample_mock_yaml.c:
/promefuzz/database/cjson/latest/code/tests/unity/test/expectdata/testsample_mock_yaml.c:29:10: fatal error: 'unity.h' file not found
   29 | #include "unity.h"
      |          ^~~~~~~~~

2026-08-28T09:17:35.338135+0000 | ThreadPoolExecutor-4_15 WARNING | src.preprocessor.consumer:_process_one_consumer:773 | CGprocessor warning/error for consumer /promefuzz/database/cjson/latest/code/tests/unity/test/tests/testunity.c:
/promefuzz/database/cjson/latest/code/tests/unity/test/tests/testunity.c:7:10: fatal error: 'unity.h' file not found
    7 | #include "unity.h"
      |          ^~~~~~~~~

2026-08-28T09:17:35.341065+0000 | ThreadPoolExecutor-4_9 WARNING | src.preprocessor.consumer:_process_one_consumer:773 | CGprocessor warning/error for consumer /promefuzz/database/cjson/latest/code/tests/unity/test/expectdata/testsample_yaml.c:
/promefuzz/database/cjson/latest/code/tests/unity/test/expectdata/testsample_yaml.c:25:10: fatal error: 'unity.h' file not found
   25 | #include "unity.h"
      |          ^~~~~~~~~

2026-08-28T09:17:35.342928+0000 | ThreadPoolExecutor-4_8 WARNING | src.preprocessor.consumer:_process_one_consumer:773 | CGprocessor warning/error for consumer /promefuzz/database/cjson/latest/code/tests/unity/test/expectdata/testsample_mock_new1.c:
/promefuzz/database/cjson/latest/code/tests/unity/test/expectdata/testsample_mock_new1.c:29:10: fatal error: 'unity.h' file not found
   29 | #include "unity.h"
      |          ^~~~~~~~~

2026-08-28T09:17:35.351799+0000 | ThreadPoolExecutor-4_5 WARNING | src.preprocessor.consumer:_process_one_consumer:773 | CGprocessor warning/error for consumer /promefuzz/database/cjson/latest/code/tests/unity/test/expectdata/testsample_mock_def.c:
/promefuzz/database/cjson/latest/code/tests/unity/test/expectdata/testsample_mock_def.c:26:10: fatal error: 'unity.h' file not found
   26 | #include "unity.h"
      |          ^~~~~~~~~

2026-08-28T09:17:35.354505+0000 | ThreadPoolExecutor-4_0 WARNING | src.preprocessor.consumer:_process_one_consumer:773 | CGprocessor warning/error for consumer /promefuzz/database/cjson/latest/code/tests/unity/test/expectdata/testsample_run1.c:
/promefuzz/database/cjson/latest/code/tests/unity/test/expectdata/testsample_run1.c:25:10: fatal error: 'unity.h' file not found
   25 | #include "unity.h"
      |          ^~~~~~~~~

2026-08-28T09:17:35.366709+0000 | ThreadPoolExecutor-4_2 WARNING | src.preprocessor.consumer:_process_one_consumer:773 | CGprocessor warning/error for consumer /promefuzz/database/cjson/latest/code/tests/unity/test/expectdata/testsample_mock_head1.c:
/promefuzz/database/cjson/latest/code/tests/unity/test/expectdata/testsample_mock_head1.c:26:10: fatal error: 'unity.h' file not found
   26 | #include "unity.h"
      |          ^~~~~~~~~

2026-08-28T09:17:35.367243+0000 | ThreadPoolExecutor-4_19 WARNING | src.preprocessor.consumer:_process_one_consumer:773 | CGprocessor warning/error for consumer /promefuzz/database/cjson/latest/code/tests/unity/test/expectdata/testsample_mock_run1.c:
/promefuzz/database/cjson/latest/code/tests/unity/test/expectdata/testsample_mock_run1.c:29:10: fatal error: 'unity.h' file not found
   29 | #include "unity.h"
      |          ^~~~~~~~~

2026-08-28T09:17:35.367539+0000 | ThreadPoolExecutor-4_1 WARNING | src.preprocessor.consumer:_process_one_consumer:773 | CGprocessor warning/error for consumer /promefuzz/database/cjson/latest/code/tests/unity/test/expectdata/testsample_param.c:
/promefuzz/database/cjson/latest/code/tests/unity/test/expectdata/testsample_param.c:23:10: fatal error: 'unity.h' file not found
   23 | #include "unity.h"
      |          ^~~~~~~~~

2026-08-28T09:17:35.373055+0000 | ThreadPoolExecutor-4_14 WARNING | src.preprocessor.consumer:_process_one_consumer:773 | CGprocessor warning/error for consumer /promefuzz/database/cjson/latest/code/tests/unity/test/expectdata/testsample_mock_cmd.c:
/promefuzz/database/cjson/latest/code/tests/unity/test/expectdata/testsample_mock_cmd.c:29:10: fatal error: 'unity.h' file not found
   29 | #include "unity.h"
      |          ^~~~~~~~~

2026-08-28T09:17:35.378515+0000 | ThreadPoolExecutor-4_4 WARNING | src.preprocessor.consumer:_process_one_consumer:773 | CGprocessor warning/error for consumer /promefuzz/database/cjson/latest/code/tests/unity/test/expectdata/testsample_mock_param.c:
/promefuzz/database/cjson/latest/code/tests/unity/test/expectdata/testsample_mock_param.c:27:10: fatal error: 'unity.h' file not found
   27 | #include "unity.h"
      |          ^~~~~~~~~

2026-08-28T09:17:35.384501+0000 | ThreadPoolExecutor-4_18 WARNING | src.preprocessor.consumer:_process_one_consumer:773 | CGprocessor warning/error for consumer /promefuzz/database/cjson/latest/code/tests/unity/test/expectdata/testsample_def.c:
/promefuzz/database/cjson/latest/code/tests/unity/test/expectdata/testsample_def.c:22:10: fatal error: 'unity.h' file not found
   22 | #include "unity.h"
      |          ^~~~~~~~~

2026-08-28T09:17:35.590458+0000 | MainThread SUCCESS | cli.preprocess:preprocess:161 | Consumer call order extracted, dumped to /promefuzz/database/cjson/latest/out/preprocessor/call_order.pkl
2026-08-28T09:17:35.590670+0000 | MainThread INFO | cli.preprocess:preprocess:168 | Initializing the information repository.
2026-08-28T09:17:35.669467+0000 | MainThread SUCCESS | cli.preprocess:preprocess:172 | Information repository generated, dumped to /promefuzz/database/cjson/latest/out/preprocessor/info.pkl
2026-08-28T09:17:35.669663+0000 | MainThread INFO | cli.preprocess:preprocess:177 | Calculating the complexity of the API functions.
2026-08-28T09:17:35.670456+0000 | MainThread SUCCESS | cli.preprocess:preprocess:183 | API complexity calculated, dumped to /promefuzz/database/cjson/latest/out/preprocessor/complexity.pkl
2026-08-28T09:17:35.670619+0000 | MainThread INFO | cli.preprocess:preprocess:188 | Calculating the relevance of the API functions.
2026-08-28T09:17:35.717934+0000 | MainThread SUCCESS | cli.preprocess:preprocess:203 | API relevance calculated, dumped to /promefuzz/database/cjson/latest/out/preprocessor/*_relev.pkl
